Archive member included because of file (symbol)

c:/program files (x86)/atmel/atmel toolchain/avr8 gcc/native/3.4.2.939/avr8-gnu-toolchain/bin/../lib/gcc/avr/4.7.2/avr5\libgcc.a(_exit.o)
                              c:/program files (x86)/atmel/atmel toolchain/avr8 gcc/native/3.4.2.939/avr8-gnu-toolchain/bin/../lib/gcc/avr/4.7.2/../../../../avr/lib/avr5/crtm32m1.o (exit)
c:/program files (x86)/atmel/atmel toolchain/avr8 gcc/native/3.4.2.939/avr8-gnu-toolchain/bin/../lib/gcc/avr/4.7.2/avr5\libgcc.a(_clear_bss.o)
                              Hub_CAN_Ex.o (__do_clear_bss)

Allocating common symbols
Common symbol       size              file

CTC_flag            0x1               Hub_CAN_Ex.o

Discarded input sections

 .bss           0x00000000        0x0 c:/program files (x86)/atmel/atmel toolchain/avr8 gcc/native/3.4.2.939/avr8-gnu-toolchain/bin/../lib/gcc/avr/4.7.2/../../../../avr/lib/avr5/crtm32m1.o
 .text          0x00000000        0x0 can_drv.o
 .bss           0x00000000        0x0 can_drv.o
 .text.can_auto_baudrate
                0x00000000      0x3fe can_drv.o
 .text          0x00000000        0x0 can_lib.o
 .bss           0x00000000        0x0 can_lib.o
 .text          0x00000000        0x0 Hub_CAN_Ex.o
 .bss           0x00000000        0x0 Hub_CAN_Ex.o
 .text          0x00000000        0x0 LED.o
 .bss           0x00000000        0x0 LED.o
 .text.LED_set  0x00000000       0x18 LED.o
 .text.LED_clr  0x00000000       0x1a LED.o
 .text.LED_toggle
                0x00000000       0x1a LED.o
 .text          0x00000000        0x0 Timer.o
 .bss           0x00000000        0x0 Timer.o
 .text          0x00000000        0x0 c:/program files (x86)/atmel/atmel toolchain/avr8 gcc/native/3.4.2.939/avr8-gnu-toolchain/bin/../lib/gcc/avr/4.7.2/avr5\libgcc.a(_exit.o)
 .bss           0x00000000        0x0 c:/program files (x86)/atmel/atmel toolchain/avr8 gcc/native/3.4.2.939/avr8-gnu-toolchain/bin/../lib/gcc/avr/4.7.2/avr5\libgcc.a(_exit.o)
 .text.libgcc.mul
                0x00000000        0x0 c:/program files (x86)/atmel/atmel toolchain/avr8 gcc/native/3.4.2.939/avr8-gnu-toolchain/bin/../lib/gcc/avr/4.7.2/avr5\libgcc.a(_exit.o)
 .text.libgcc.div
                0x00000000        0x0 c:/program files (x86)/atmel/atmel toolchain/avr8 gcc/native/3.4.2.939/avr8-gnu-toolchain/bin/../lib/gcc/avr/4.7.2/avr5\libgcc.a(_exit.o)
 .text.libgcc   0x00000000        0x0 c:/program files (x86)/atmel/atmel toolchain/avr8 gcc/native/3.4.2.939/avr8-gnu-toolchain/bin/../lib/gcc/avr/4.7.2/avr5\libgcc.a(_exit.o)
 .text.libgcc.prologue
                0x00000000        0x0 c:/program files (x86)/atmel/atmel toolchain/avr8 gcc/native/3.4.2.939/avr8-gnu-toolchain/bin/../lib/gcc/avr/4.7.2/avr5\libgcc.a(_exit.o)
 .text.libgcc.builtins
                0x00000000        0x0 c:/program files (x86)/atmel/atmel toolchain/avr8 gcc/native/3.4.2.939/avr8-gnu-toolchain/bin/../lib/gcc/avr/4.7.2/avr5\libgcc.a(_exit.o)
 .text.libgcc.fmul
                0x00000000        0x0 c:/program files (x86)/atmel/atmel toolchain/avr8 gcc/native/3.4.2.939/avr8-gnu-toolchain/bin/../lib/gcc/avr/4.7.2/avr5\libgcc.a(_exit.o)
 .text          0x00000000        0x0 c:/program files (x86)/atmel/atmel toolchain/avr8 gcc/native/3.4.2.939/avr8-gnu-toolchain/bin/../lib/gcc/avr/4.7.2/avr5\libgcc.a(_clear_bss.o)
 .bss           0x00000000        0x0 c:/program files (x86)/atmel/atmel toolchain/avr8 gcc/native/3.4.2.939/avr8-gnu-toolchain/bin/../lib/gcc/avr/4.7.2/avr5\libgcc.a(_clear_bss.o)
 .text.libgcc.mul
                0x00000000        0x0 c:/program files (x86)/atmel/atmel toolchain/avr8 gcc/native/3.4.2.939/avr8-gnu-toolchain/bin/../lib/gcc/avr/4.7.2/avr5\libgcc.a(_clear_bss.o)
 .text.libgcc.div
                0x00000000        0x0 c:/program files (x86)/atmel/atmel toolchain/avr8 gcc/native/3.4.2.939/avr8-gnu-toolchain/bin/../lib/gcc/avr/4.7.2/avr5\libgcc.a(_clear_bss.o)
 .text.libgcc   0x00000000        0x0 c:/program files (x86)/atmel/atmel toolchain/avr8 gcc/native/3.4.2.939/avr8-gnu-toolchain/bin/../lib/gcc/avr/4.7.2/avr5\libgcc.a(_clear_bss.o)
 .text.libgcc.prologue
                0x00000000        0x0 c:/program files (x86)/atmel/atmel toolchain/avr8 gcc/native/3.4.2.939/avr8-gnu-toolchain/bin/../lib/gcc/avr/4.7.2/avr5\libgcc.a(_clear_bss.o)
 .text.libgcc.builtins
                0x00000000        0x0 c:/program files (x86)/atmel/atmel toolchain/avr8 gcc/native/3.4.2.939/avr8-gnu-toolchain/bin/../lib/gcc/avr/4.7.2/avr5\libgcc.a(_clear_bss.o)
 .text.libgcc.fmul
                0x00000000        0x0 c:/program files (x86)/atmel/atmel toolchain/avr8 gcc/native/3.4.2.939/avr8-gnu-toolchain/bin/../lib/gcc/avr/4.7.2/avr5\libgcc.a(_clear_bss.o)

Memory Configuration

Name             Origin             Length             Attributes
text             0x00000000         0x00020000         xr
data             0x00800060         0x0000ffa0         rw !x
eeprom           0x00810000         0x00010000         rw !x
fuse             0x00820000         0x00000400         rw !x
lock             0x00830000         0x00000400         rw !x
signature        0x00840000         0x00000400         rw !x
user_signatures  0x00850000         0x00000400         rw !x
*default*        0x00000000         0xffffffff

Linker script and memory map

Address of section .data set to 0x800100
LOAD c:/program files (x86)/atmel/atmel toolchain/avr8 gcc/native/3.4.2.939/avr8-gnu-toolchain/bin/../lib/gcc/avr/4.7.2/../../../../avr/lib/avr5/crtm32m1.o
LOAD can_drv.o
LOAD can_lib.o
LOAD Hub_CAN_Ex.o
LOAD LED.o
LOAD Timer.o
START GROUP
LOAD c:/program files (x86)/atmel/atmel toolchain/avr8 gcc/native/3.4.2.939/avr8-gnu-toolchain/bin/../lib/gcc/avr/4.7.2/../../../../avr/lib/avr5\libm.a
END GROUP
LOAD c:/program files (x86)/atmel/atmel toolchain/avr8 gcc/native/3.4.2.939/avr8-gnu-toolchain/bin/../lib/gcc/avr/4.7.2/avr5\libgcc.a
LOAD c:/program files (x86)/atmel/atmel toolchain/avr8 gcc/native/3.4.2.939/avr8-gnu-toolchain/bin/../lib/gcc/avr/4.7.2/../../../../avr/lib/avr5\libc.a
LOAD c:/program files (x86)/atmel/atmel toolchain/avr8 gcc/native/3.4.2.939/avr8-gnu-toolchain/bin/../lib/gcc/avr/4.7.2/avr5\libgcc.a

.hash
 *(.hash)

.dynsym
 *(.dynsym)

.dynstr
 *(.dynstr)

.gnu.version
 *(.gnu.version)

.gnu.version_d
 *(.gnu.version_d)

.gnu.version_r
 *(.gnu.version_r)

.rel.init
 *(.rel.init)

.rela.init
 *(.rela.init)

.rel.text
 *(.rel.text)
 *(.rel.text.*)
 *(.rel.gnu.linkonce.t*)

.rela.text
 *(.rela.text)
 *(.rela.text.*)
 *(.rela.gnu.linkonce.t*)

.rel.fini
 *(.rel.fini)

.rela.fini
 *(.rela.fini)

.rel.rodata
 *(.rel.rodata)
 *(.rel.rodata.*)
 *(.rel.gnu.linkonce.r*)

.rela.rodata
 *(.rela.rodata)
 *(.rela.rodata.*)
 *(.rela.gnu.linkonce.r*)

.rel.data
 *(.rel.data)
 *(.rel.data.*)
 *(.rel.gnu.linkonce.d*)

.rela.data
 *(.rela.data)
 *(.rela.data.*)
 *(.rela.gnu.linkonce.d*)

.rel.ctors
 *(.rel.ctors)

.rela.ctors
 *(.rela.ctors)

.rel.dtors
 *(.rel.dtors)

.rela.dtors
 *(.rela.dtors)

.rel.got
 *(.rel.got)

.rela.got
 *(.rela.got)

.rel.bss
 *(.rel.bss)

.rela.bss
 *(.rela.bss)

.rel.plt
 *(.rel.plt)

.rela.plt
 *(.rela.plt)

.text           0x00000000      0xf72
 *(.vectors)
 .vectors       0x00000000       0x7c c:/program files (x86)/atmel/atmel toolchain/avr8 gcc/native/3.4.2.939/avr8-gnu-toolchain/bin/../lib/gcc/avr/4.7.2/../../../../avr/lib/avr5/crtm32m1.o
                0x00000000                __vector_default
                0x00000000                __vectors
 *(.vectors)
 *(.progmem.gcc*)
 *(.progmem*)
                0x0000007c                . = ALIGN (0x2)
                0x0000007c                __trampolines_start = .
 *(.trampolines)
 .trampolines   0x0000007c        0x0 linker stubs
 *(.trampolines*)
                0x0000007c                __trampolines_end = .
 *(.jumptables)
 *(.jumptables*)
 *(.lowtext)
 *(.lowtext*)
                0x0000007c                __ctors_start = .
 *(.ctors)
                0x0000007c                __ctors_end = .
                0x0000007c                __dtors_start = .
 *(.dtors)
                0x0000007c                __dtors_end = .
 SORT(*)(.ctors)
 SORT(*)(.dtors)
 *(.init0)
 .init0         0x0000007c        0x0 c:/program files (x86)/atmel/atmel toolchain/avr8 gcc/native/3.4.2.939/avr8-gnu-toolchain/bin/../lib/gcc/avr/4.7.2/../../../../avr/lib/avr5/crtm32m1.o
                0x0000007c                __init
 *(.init0)
 *(.init1)
 *(.init1)
 *(.init2)
 .init2         0x0000007c        0xc c:/program files (x86)/atmel/atmel toolchain/avr8 gcc/native/3.4.2.939/avr8-gnu-toolchain/bin/../lib/gcc/avr/4.7.2/../../../../avr/lib/avr5/crtm32m1.o
 *(.init2)
 *(.init3)
 *(.init3)
 *(.init4)
 .init4         0x00000088       0x10 c:/program files (x86)/atmel/atmel toolchain/avr8 gcc/native/3.4.2.939/avr8-gnu-toolchain/bin/../lib/gcc/avr/4.7.2/avr5\libgcc.a(_clear_bss.o)
                0x00000088                __do_clear_bss
 *(.init4)
 *(.init5)
 *(.init5)
 *(.init6)
 *(.init6)
 *(.init7)
 *(.init7)
 *(.init8)
 *(.init8)
 *(.init9)
 .init9         0x00000098        0x8 c:/program files (x86)/atmel/atmel toolchain/avr8 gcc/native/3.4.2.939/avr8-gnu-toolchain/bin/../lib/gcc/avr/4.7.2/../../../../avr/lib/avr5/crtm32m1.o
 *(.init9)
 *(.text)
 .text          0x000000a0        0x4 c:/program files (x86)/atmel/atmel toolchain/avr8 gcc/native/3.4.2.939/avr8-gnu-toolchain/bin/../lib/gcc/avr/4.7.2/../../../../avr/lib/avr5/crtm32m1.o
                0x000000a0                __vector_22
                0x000000a0                __vector_28
                0x000000a0                __vector_1
                0x000000a0                __vector_24
                0x000000a0                __bad_interrupt
                0x000000a0                __vector_6
                0x000000a0                __vector_3
                0x000000a0                __vector_23
                0x000000a0                __vector_30
                0x000000a0                __vector_25
                0x000000a0                __vector_11
                0x000000a0                __vector_13
                0x000000a0                __vector_17
                0x000000a0                __vector_19
                0x000000a0                __vector_7
                0x000000a0                __vector_27
                0x000000a0                __vector_5
                0x000000a0                __vector_4
                0x000000a0                __vector_9
                0x000000a0                __vector_2
                0x000000a0                __vector_21
                0x000000a0                __vector_15
                0x000000a0                __vector_29
                0x000000a0                __vector_8
                0x000000a0                __vector_26
                0x000000a0                __vector_14
                0x000000a0                __vector_10
                0x000000a0                __vector_16
                0x000000a0                __vector_18
                0x000000a0                __vector_20
                0x000000a4                . = ALIGN (0x2)
 *(.text.*)
 .text.can_clear_all_mob
                0x000000a4       0x24 can_drv.o
                0x000000a4                can_clear_all_mob
 .text.can_get_mob_free
                0x000000c8       0x40 can_drv.o
                0x000000c8                can_get_mob_free
 .text.can_get_mob_status
                0x00000108       0x26 can_drv.o
                0x00000108                can_get_mob_status
 .text.can_get_data
                0x0000012e       0x38 can_drv.o
                0x0000012e                can_get_data
 .text.can_fixed_baudrate
                0x00000166       0x1c can_drv.o
                0x00000166                can_fixed_baudrate
 .text.can_init
                0x00000182       0x1e can_lib.o
                0x00000182                can_init
 .text.can_cmd  0x000001a0      0xa98 can_lib.o
                0x000001a0                can_cmd
 .text.can_get_status
                0x00000c38      0x150 can_lib.o
                0x00000c38                can_get_status
 .text.Read_Button
                0x00000d88       0x20 Hub_CAN_Ex.o
                0x00000d88                Read_Button
 .text.io_init  0x00000da8       0x1a Hub_CAN_Ex.o
                0x00000da8                io_init
 .text.sys_init
                0x00000dc2       0x1a Hub_CAN_Ex.o
                0x00000dc2                sys_init
 .text.main     0x00000ddc      0x10e Hub_CAN_Ex.o
                0x00000ddc                main
 .text.LED_Reg_Write
                0x00000eea        0x6 LED.o
                0x00000eea                LED_Reg_Write
 .text.__vector_12
                0x00000ef0       0x1e Timer.o
                0x00000ef0                __vector_12
 .text.timer_init
                0x00000f0e       0x10 Timer.o
                0x00000f0e                timer_init
 .text.delay_us
                0x00000f1e       0x24 Timer.o
                0x00000f1e                delay_us
 .text.delay_ms
                0x00000f42       0x2c Timer.o
                0x00000f42                delay_ms
                0x00000f6e                . = ALIGN (0x2)
 *(.fini9)
 .fini9         0x00000f6e        0x0 c:/program files (x86)/atmel/atmel toolchain/avr8 gcc/native/3.4.2.939/avr8-gnu-toolchain/bin/../lib/gcc/avr/4.7.2/avr5\libgcc.a(_exit.o)
                0x00000f6e                _exit
                0x00000f6e                exit
 *(.fini9)
 *(.fini8)
 *(.fini8)
 *(.fini7)
 *(.fini7)
 *(.fini6)
 *(.fini6)
 *(.fini5)
 *(.fini5)
 *(.fini4)
 *(.fini4)
 *(.fini3)
 *(.fini3)
 *(.fini2)
 *(.fini2)
 *(.fini1)
 *(.fini1)
 *(.fini0)
 .fini0         0x00000f6e        0x4 c:/program files (x86)/atmel/atmel toolchain/avr8 gcc/native/3.4.2.939/avr8-gnu-toolchain/bin/../lib/gcc/avr/4.7.2/avr5\libgcc.a(_exit.o)
 *(.fini0)
                0x00000f72                _etext = .

.data           0x00800100        0x0 load address 0x00000f72
                0x00800100                PROVIDE (__data_start, .)
 *(.data)
 .data          0x00800100        0x0 c:/program files (x86)/atmel/atmel toolchain/avr8 gcc/native/3.4.2.939/avr8-gnu-toolchain/bin/../lib/gcc/avr/4.7.2/../../../../avr/lib/avr5/crtm32m1.o
 .data          0x00800100        0x0 can_drv.o
 .data          0x00800100        0x0 can_lib.o
 .data          0x00800100        0x0 Hub_CAN_Ex.o
 .data          0x00800100        0x0 LED.o
 .data          0x00800100        0x0 Timer.o
 .data          0x00800100        0x0 c:/program files (x86)/atmel/atmel toolchain/avr8 gcc/native/3.4.2.939/avr8-gnu-toolchain/bin/../lib/gcc/avr/4.7.2/avr5\libgcc.a(_exit.o)
 .data          0x00800100        0x0 c:/program files (x86)/atmel/atmel toolchain/avr8 gcc/native/3.4.2.939/avr8-gnu-toolchain/bin/../lib/gcc/avr/4.7.2/avr5\libgcc.a(_clear_bss.o)
 *(.data*)
 *(.rodata)
 *(.rodata*)
 *(.gnu.linkonce.d*)
                0x00800100                . = ALIGN (0x2)
                0x00800100                _edata = .
                0x00800100                PROVIDE (__data_end, .)

.bss            0x00800100        0x1
                0x00800100                PROVIDE (__bss_start, .)
 *(.bss)
 *(.bss*)
 *(COMMON)
 COMMON         0x00800100        0x1 Hub_CAN_Ex.o
                0x00800100                CTC_flag
                0x00800101                PROVIDE (__bss_end, .)
                0x00000f72                __data_load_start = LOADADDR (.data)
                0x00000f72                __data_load_end = (__data_load_start + SIZEOF (.data))

.noinit         0x00800101        0x0
                0x00800101                PROVIDE (__noinit_start, .)
 *(.noinit*)
                0x00800101                PROVIDE (__noinit_end, .)
                0x00800101                _end = .
                0x00800101                PROVIDE (__heap_start, .)

.eeprom         0x00810000        0x0
 *(.eeprom*)
                0x00810000                __eeprom_end = .

.fuse
 *(.fuse)
 *(.lfuse)
 *(.hfuse)
 *(.efuse)

.lock
 *(.lock*)

.signature
 *(.signature*)

.user_signatures
 *(.user_signatures*)

.stab           0x00000000      0x6cc
 *(.stab)
 .stab          0x00000000      0x6cc c:/program files (x86)/atmel/atmel toolchain/avr8 gcc/native/3.4.2.939/avr8-gnu-toolchain/bin/../lib/gcc/avr/4.7.2/../../../../avr/lib/avr5/crtm32m1.o

.stabstr        0x00000000       0x97
 *(.stabstr)
 .stabstr       0x00000000       0x97 c:/program files (x86)/atmel/atmel toolchain/avr8 gcc/native/3.4.2.939/avr8-gnu-toolchain/bin/../lib/gcc/avr/4.7.2/../../../../avr/lib/avr5/crtm32m1.o

.stab.excl
 *(.stab.excl)

.stab.exclstr
 *(.stab.exclstr)

.stab.index
 *(.stab.index)

.stab.indexstr
 *(.stab.indexstr)

.comment        0x00000000       0x2f
 *(.comment)
 .comment       0x00000000       0x2f can_drv.o
                                 0x30 (size before relaxing)
 .comment       0x00000000       0x30 can_lib.o
 .comment       0x00000000       0x30 Hub_CAN_Ex.o
 .comment       0x00000000       0x30 LED.o
 .comment       0x00000000       0x30 Timer.o

.debug
 *(.debug)

.line
 *(.line)

.debug_srcinfo
 *(.debug_srcinfo)

.debug_sfnames
 *(.debug_sfnames)

.debug_aranges  0x00000000      0x120
 *(.debug_aranges)
 .debug_aranges
                0x00000000       0x48 can_drv.o
 .debug_aranges
                0x00000048       0x30 can_lib.o
 .debug_aranges
                0x00000078       0x38 Hub_CAN_Ex.o
 .debug_aranges
                0x000000b0       0x38 LED.o
 .debug_aranges
                0x000000e8       0x38 Timer.o

.debug_pubnames
 *(.debug_pubnames)

.debug_info     0x00000000      0xd93
 *(.debug_info)
 .debug_info    0x00000000      0x2f2 can_drv.o
 .debug_info    0x000002f2      0x378 can_lib.o
 .debug_info    0x0000066a      0x4e5 Hub_CAN_Ex.o
 .debug_info    0x00000b4f      0x10f LED.o
 .debug_info    0x00000c5e      0x135 Timer.o
 *(.gnu.linkonce.wi.*)

.debug_abbrev   0x00000000      0x643
 *(.debug_abbrev)
 .debug_abbrev  0x00000000      0x148 can_drv.o
 .debug_abbrev  0x00000148      0x1b9 can_lib.o
 .debug_abbrev  0x00000301      0x1c6 Hub_CAN_Ex.o
 .debug_abbrev  0x000004c7       0x89 LED.o
 .debug_abbrev  0x00000550       0xf3 Timer.o

.debug_line     0x00000000      0x929
 *(.debug_line)
 .debug_line    0x00000000      0x2be can_drv.o
 .debug_line    0x000002be      0x2a0 can_lib.o
 .debug_line    0x0000055e      0x1af Hub_CAN_Ex.o
 .debug_line    0x0000070d       0xfb LED.o
 .debug_line    0x00000808      0x121 Timer.o

.debug_frame    0x00000000      0x28c
 *(.debug_frame)
 .debug_frame   0x00000000       0xe0 can_drv.o
 .debug_frame   0x000000e0       0x7c can_lib.o
 .debug_frame   0x0000015c       0x64 Hub_CAN_Ex.o
 .debug_frame   0x000001c0       0x54 LED.o
 .debug_frame   0x00000214       0x78 Timer.o

.debug_str      0x00000000      0x40b
 *(.debug_str)
 .debug_str     0x00000000      0x1e3 can_drv.o
                                0x222 (size before relaxing)
 .debug_str     0x000001e3      0x145 can_lib.o
                                0x278 (size before relaxing)
 .debug_str     0x00000328       0x9b Hub_CAN_Ex.o
                                0x27f (size before relaxing)
 .debug_str     0x000003c3       0x26 LED.o
                                 0xf0 (size before relaxing)
 .debug_str     0x000003e9       0x22 Timer.o
                                0x104 (size before relaxing)

.debug_loc      0x00000000      0xd66
 *(.debug_loc)
 .debug_loc     0x00000000      0x827 can_drv.o
 .debug_loc     0x00000827      0x32a can_lib.o
 .debug_loc     0x00000b51       0xaf Hub_CAN_Ex.o
 .debug_loc     0x00000c00       0x63 LED.o
 .debug_loc     0x00000c63      0x103 Timer.o

.debug_macinfo
 *(.debug_macinfo)

.debug_pubtypes
 *(.debug_pubtypes)

.debug_ranges   0x00000000       0xd0
 *(.debug_ranges)
 .debug_ranges  0x00000000       0x38 can_drv.o
 .debug_ranges  0x00000038       0x20 can_lib.o
 .debug_ranges  0x00000058       0x28 Hub_CAN_Ex.o
 .debug_ranges  0x00000080       0x28 LED.o
 .debug_ranges  0x000000a8       0x28 Timer.o

.debug_macro
 *(.debug_macro)
OUTPUT(Hub_CAN_Ex.elf elf32-avr)
LOAD linker stubs
